Non-TMW character newline [decimal 10] in the font Tahoma appears first at location 39
Non-TMW character ' ' [decimal 32] in the font TimesNewRoman appears first at location 45
Non-TMW character '}' [decimal 125] in the font Tahoma appears first at location 66
Non-TMW character '{' [decimal 123] in the font Tahoma appears first at location 219
Non-TMW character '\' [decimal 92] in the font Tahoma appears first at location 1237
Non-TMW character newline [decimal 10] in the font Times New Roman appears first at location 9754
